[36mvite v5.4.21 [32mbuilding for production...[36m[39m
transforming...
[32m✓[39m 42 modules transformed.
rendering chunks...
computing gzip size...
[2mdist/[22m[32mindex.html                 [39m[1m[2m  0.66 kB[22m[1m[22m[2m │ gzip:  0.38 kB[22m
[2mdist/[22m[35massets/index-DVd13jpZ.css  [39m[1m[2m 17.36 kB[22m[1m[22m[2m │ gzip:  3.87 kB[22m
[2mdist/[22m[36massets/index-ll3k7KRP.js   [39m[1m[2m189.75 kB[22m[1m[22m[2m │ gzip: 56.93 kB[22m
[32m✓ built in 4.86s[39m
